Aug 03, 2026 5:31:37 PM robaho.net.httpserver.ServerImpl <init>
INFO: [http:8080] server bound to /0.0.0.0:8080 with backlog 8192
Aug 03, 2026 5:31:37 PM robaho.net.httpserver.ServerImpl start
INFO: [http:8080] using java.util.concurrent.ThreadPerTaskExecutor@5ed4bc as executor
Server running on port 8080
Aug 03, 2026 5:31:38 PM robaho.net.httpserver.ServerImpl <init>
INFO: [https:8081] server bound to /0.0.0.0:8081 with backlog 8192
Aug 03, 2026 5:31:38 PM robaho.net.httpserver.ServerImpl start
INFO: [https:8081] using java.util.concurrent.ThreadPerTaskExecutor@5961e92d as executor
Server running on port 8081 (TLS)
Aug 03, 2026 5:31:39 PM robaho.net.httpserver.ServerImpl$Dispatcher lambda$run$0
WARNING: [https:8081] unable to accept connection
java.net.SocketException: Socket is closed
	at java.base/sun.security.ssl.SSLSocketImpl.getInputStream(Unknown Source)
	at robaho.net.httpserver.HttpConnection.<init>(HttpConnection.java:73)
	at robaho.net.httpserver.ServerImpl$Dispatcher.acceptConnection(ServerImpl.java:417)
	at robaho.net.httpserver.ServerImpl$Dispatcher.lambda$run$0(ServerImpl.java:349)
	at java.base/java.util.concurrent.ThreadPerTaskExecutor$TaskRunner.run(Unknown Source)
	at java.base/java.lang.VirtualThread.run(Unknown Source)

Aug 03, 2026 5:31:46 PM robaho.net.httpserver.ServerImpl$Dispatcher lambda$run$0
WARNING: [https:8081] unable to accept connection
java.net.SocketException: Socket is closed
	at java.base/sun.security.ssl.SSLSocketImpl.getInputStream(Unknown Source)
	at robaho.net.httpserver.HttpConnection.<init>(HttpConnection.java:73)
	at robaho.net.httpserver.ServerImpl$Dispatcher.acceptConnection(ServerImpl.java:417)
	at robaho.net.httpserver.ServerImpl$Dispatcher.lambda$run$0(ServerImpl.java:349)
	at java.base/java.util.concurrent.ThreadPerTaskExecutor$TaskRunner.run(Unknown Source)
	at java.base/java.lang.VirtualThread.run(Unknown Source)

Aug 03, 2026 5:31:53 PM robaho.net.httpserver.ServerImpl$Dispatcher lambda$run$0
WARNING: [https:8081] unable to accept connection
java.net.SocketException: Socket is closed
	at java.base/sun.security.ssl.SSLSocketImpl.getInputStream(Unknown Source)
	at robaho.net.httpserver.HttpConnection.<init>(HttpConnection.java:73)
	at robaho.net.httpserver.ServerImpl$Dispatcher.acceptConnection(ServerImpl.java:417)
	at robaho.net.httpserver.ServerImpl$Dispatcher.lambda$run$0(ServerImpl.java:349)
	at java.base/java.util.concurrent.ThreadPerTaskExecutor$TaskRunner.run(Unknown Source)
	at java.base/java.lang.VirtualThread.run(Unknown Source)

